#-----------------------------------------------------------
# Vivado v2017.2 (64-bit)
# SW Build 1909853 on Thu Jun 15 18:39:09 MDT 2017
# IP Build 1909766 on Thu Jun 15 19:58:00 MDT 2017
# Start of session at: Wed Nov 29 08:10:10 2017
# Process ID: 676
# Current directory: C:/Users/hpoup/Desktop/space_invaders
# Command line: vivado.exe -gui_launcher_event rodinguilauncherevent8652 C:\Users\hpoup\Desktop\space_invaders\space_invaders.xpr
# Log file: C:/Users/hpoup/Desktop/space_invaders/vivado.log
# Journal file: C:/Users/hpoup/Desktop/space_invaders\vivado.jou
#-----------------------------------------------------------
start_gui
open_project C:/Users/hpoup/Desktop/space_invaders/space_invaders.xpr
update_compile_order -fileset sources_1
reset_run synth_2
launch_runs impl_2 -to_step write_bitstream -jobs 2
wait_on_run impl_2
open_hw
connect_hw_server
open_hw_target
set_property PROGRAM.FILE {C:/Users/hpoup/Desktop/space_invaders/space_invaders.runs/impl_2/top_module.bit} [get_hw_devices xc7a100t_0]
current_hw_device [get_hw_devices xc7a100t_0]
refresh_hw_device -update_hw_probes false [lindex [get_hw_devices xc7a100t_0] 0]
set_property PROBES.FILE {} [get_hw_devices xc7a100t_0]
set_property FULL_PROBES.FILE {} [get_hw_devices xc7a100t_0]
set_property PROGRAM.FILE {C:/Users/hpoup/Desktop/space_invaders/space_invaders.runs/impl_2/top_module.bit} [get_hw_devices xc7a100t_0]
program_hw_devices [get_hw_devices xc7a100t_0]
refresh_hw_device [lindex [get_hw_devices xc7a100t_0] 0]
close [ open C:/Users/hpoup/Desktop/space_invaders/space_invaders.srcs/sources_1/new/clk_ennemis.vhd w ]
add_files C:/Users/hpoup/Desktop/space_invaders/space_invaders.srcs/sources_1/new/clk_ennemis.vhd
update_compile_order -fileset sources_1
set_property SOURCE_SET sources_1 [get_filesets sim_1]
close [ open C:/Users/hpoup/Desktop/space_invaders/space_invaders.srcs/sim_1/new/testbench_clk_ennemis.vhd w ]
add_files -fileset sim_1 C:/Users/hpoup/Desktop/space_invaders/space_invaders.srcs/sim_1/new/testbench_clk_ennemis.vhd
update_compile_order -fileset sim_1
set_property top tb_clk_ennemis [get_filesets sim_1]
set_property top_lib xil_defaultlib [get_filesets sim_1]
update_ip_catalog
update_compile_order -fileset sim_1
update_ip_catalog
launch_simulation
source tb_clk_ennemis.tcl
close_sim
launch_simulation
source tb_clk_ennemis.tcl
restart
run all
run all
add_bp {C:/Users/hpoup/Desktop/space_invaders/space_invaders.srcs/sim_1/new/testbench_clk_ennemis.vhd} 88
close_sim
launch_simulation
launch_simulation
launch_simulation
source tb_clk_ennemis.tcl
restart
run all
close_sim
launch_simulation
source tb_clk_ennemis.tcl
restart
run all
set_property top cfg_tb_clk_ennemis [get_filesets sim_1]
set_property top_lib xil_defaultlib [get_filesets sim_1]
update_ip_catalog
update_ip_catalog
set_property top clk_ennemis [get_filesets sim_1]
set_property top_lib xil_defaultlib [get_filesets sim_1]
update_ip_catalog
update_compile_order -fileset sim_1
update_ip_catalog
launch_simulation
source clk_ennemis.tcl
remove_forces { {/clk_ennemis/clk} }
add_force {/clk_ennemis/clk} -radix hex {0 0ns} {1 5000ps} -repeat_every 10000ps
run 200 ns
add_force {/clk_ennemis/reset} -radix hex {0 0ns}
run 200 ns
add_force {/clk_ennemis/reset} -radix hex {1 0ns}
run all
close_sim
launch_simulation
source clk_ennemis.tcl
set_property top tb_clk_ennemis [get_filesets sim_1]
set_property top_lib xil_defaultlib [get_filesets sim_1]
update_ip_catalog
update_ip_catalog
update_compile_order -fileset sim_1
current_sim simulation_4
close_sim
launch_simulation
source tb_clk_ennemis.tcl
restart
run all
close_sim
launch_simulation
source tb_clk_ennemis.tcl
restart
run all
close_sim
close_sim
update_ip_catalog
launch_simulation
source tb_clk_ennemis.tcl
restart
run all
close_sim
launch_simulation
source tb_clk_ennemis.tcl
close_sim
launch_simulation
source tb_clk_ennemis.tcl
restart
run all
set_property top clk_ennemis [get_filesets sim_1]
set_property top_lib xil_defaultlib [get_filesets sim_1]
update_ip_catalog
update_compile_order -fileset sim_1
launch_simulation
source clk_ennemis.tcl
add_force {/clk_ennemis/clk} -radix hex {1 0ns} {0 5000ps} -repeat_every 10000ps
add_force {/clk_ennemis/reset} -radix hex {0 0ns}
run 200 ns
add_force {/clk_ennemis/increase} -radix hex {0 0ns}
add_force {/clk_ennemis/reset} -radix hex {1 0ns}
step
run 45 ms
close_sim
launch_simulation
source clk_ennemis.tcl
add_force {/clk_ennemis/clk} -radix hex {1 0ns} {0 5000ps} -repeat_every 10000ps
add_force {/clk_ennemis/reset} -radix hex {0 0ns}
add_force {/clk_ennemis/increase} -radix hex {0 0ns}
run 200 ns
add_force {/clk_ennemis/reset} -radix hex {1 0ns}
run 45 ms
close_sim
launch_simulation
source clk_ennemis.tcl
close_sim
launch_simulation
source clk_ennemis.tcl
add_force {/clk_ennemis/clk} -radix hex {0 0ns} {1 5000ps} -repeat_every 10000ps
add_force {/clk_ennemis/reset} -radix hex {1 0ns}
add_force {/clk_ennemis/reset} -radix hex {0 0ns}
add_force {/clk_ennemis/increase} -radix hex {0 0ns}
run 200 ns
add_force {/clk_ennemis/reset} -radix hex {1 0ns}
run 45 ms
close_sim
launch_simulation
launch_simulation
launch_simulation
launch_simulation
source clk_ennemis.tcl
add_force {/clk_ennemis/clk} -radix hex {1 0ns} {0 5000ps} -repeat_every 10000ps
add_force {/clk_ennemis/reset} -radix hex {0 0ns}
add_force {/clk_ennemis/increase} -radix hex {0 0ns}
run 100 ns
add_force {/clk_ennemis/reset} -radix hex {1 0ns}
run 45 ms
add_force {/clk_ennemis/increase} -radix hex {1 0ns}
run 10 ns
run 10 ns
add_force {/clk_ennemis/increase} -radix hex {0 0ns}
run 45 ms
close_sim
launch_simulation
source clk_ennemis.tcl
add_force {/clk_ennemis/clk} -radix hex {1 0ns} {0 5000ps} -repeat_every 10000ps
add_force {/clk_ennemis/reset} -radix hex {0 0ns}
add_force {/clk_ennemis/increase} -radix hex {0 0ns}
run 200 ns
add_force {/clk_ennemis/reset} -radix hex {1 0ns}
run 45 ms
add_force {/clk_ennemis/increase} -radix hex {1 0ns}
run 20 ns
run 45 ms
restart
add_force {/clk_ennemis/reset} -radix hex {à 0ns}
add_force {/clk_ennemis/reset} -radix hex {0 0ns}
add_force {/clk_ennemis/increase} -radix hex {0 0ns}
run 200 ns
add_force {/clk_ennemis/clk} -radix hex {0 0ns} {1 5000ps} -repeat_every 10000ps
run 200 ns
add_force {/clk_ennemis/reset} -radix hex {1 0ns}
run 30 ms
add_force {/clk_ennemis/increase} -radix hex {1 0ns}
run 20 ns
add_force {/clk_ennemis/increase} -radix hex {0 0ns}
run 30 ms
add_force {/clk_ennemis/increase} -radix hex {1 0ns}
run 100 ns
add_force {/clk_ennemis/increase} -radix hex {0 0ns}
run 30 ms
add_force {/clk_ennemis/increase} -radix hex {1 0ns}
run 70 ns
add_force {/clk_ennemis/increase} -radix hex {0 0ns}
run 30 ms
close_sim
launch_simulation
source clk_ennemis.tcl
add_force {/clk_ennemis/clk} -radix hex {0 0ns} {1 5000ps} -repeat_every 10000ps
close_sim
launch_simulation
source clk_ennemis.tcl
close_sim
launch_simulation
source clk_ennemis.tcl
add_force {/clk_ennemis/clk} -radix hex {0 0ns} {1 5000ps} -repeat_every 10000ps
add_force {/clk_ennemis/reset} -radix hex {0 0ns}
add_force {/clk_ennemis/increase} -radix hex {0 0ns}
run 200 ns
add_force {/clk_ennemis/reset} -radix hex {1 0ns}
run 45 ms
add_force {/clk_ennemis/increase} -radix hex {1 0ns}
run 190 ns
add_force {/clk_ennemis/increase} -radix hex {0 0ns}
run 45 ms
close_sim
launch_simulation
source clk_ennemis.tcl
add_force {/clk_ennemis/clk} -radix hex {0 0ns} {1 5000ps} -repeat_every 10000ps
add_force {/clk_ennemis/reset} -radix hex {1 0ns}
add_force {/clk_ennemis/increase} -radix hex {0 0ns}
step
run 200 ns
add_force {/clk_ennemis/reset} -radix hex {0 0ns}
run 200 ns
add_force {/clk_ennemis/reset} -radix hex {1 0ns}
run 45 ms
add_force {/clk_ennemis/increase} -radix hex {1 0ns}
run 190 ns
add_force {/clk_ennemis/increase} -radix hex {0 0ns}
run 45 ms
close_sim
launch_simulation
source clk_ennemis.tcl
close_sim
launch_simulation
source clk_ennemis.tcl
close_sim
launch_simulation
source clk_ennemis.tcl
close_sim
launch_simulation
source clk_ennemis.tcl
add_force {/clk_ennemis/clk} -radix hex {0 0ns} {1 5000ps} -repeat_every 10000ps
add_force {/clk_ennemis/reset} -radix hex {0 0ns}
add_force {/clk_ennemis/increase} -radix hex {0 0ns}
run 200 ns
add_force {/clk_ennemis/reset} -radix hex {1 0ns}
run 45 ms
add_force {/clk_ennemis/increase} -radix hex {1 0ns}
run 190 ns
add_force {/clk_ennemis/increase} -radix hex {0 0ns}
run 45 ms
run 45 ms
close_sim
launch_simulation
source clk_ennemis.tcl
add_force {/clk_ennemis/clk} -radix hex {0 0ns} {1 5000ps} -repeat_every 10000ps
add_force {/clk_ennemis/reset} -radix hex {0 0ns}
add_force {/clk_ennemis/increase} -radix hex {0 0ns}
run 200 ns
add_force {/clk_ennemis/reset} -radix hex {1 0ns}
run 45 ms
close_sim
launch_simulation
source clk_ennemis.tcl
add_force {/clk_ennemis/clk} -radix hex {0 0ns} {1 5000ps} -repeat_every 10000ps
add_force {/clk_ennemis/reset} -radix hex {0 0ns}
add_force {/clk_ennemis/increase} -radix hex {0 0ns}
run 200 ns
add_force {/clk_ennemis/reset} -radix hex {1 0ns}
run 45 ms
add_force {/clk_ennemis/increase} -radix hex {1 0ns}
run 190 ns
add_force {/clk_ennemis/increase} -radix hex {0 0ns}
run 45 ms
close_sim
launch_simulation
source clk_ennemis.tcl
close_sim
launch_simulation
source clk_ennemis.tcl
close_sim
launch_simulation
source clk_ennemis.tcl
close_sim
launch_simulation
source clk_ennemis.tcl
add_force {/clk_ennemis/clk} -radix hex {0 0ns} {1 5000ps} -repeat_every 10000ps
add_force {/clk_ennemis/reset} -radix hex {0 0ns}
add_force {/clk_ennemis/increase} -radix hex {0 0ns}
run 200 ns
add_force {/clk_ennemis/reset} -radix hex {1 0ns}
run 45 ms
add_force {/clk_ennemis/increase} -radix hex {1 0ns}
run 190 ns
add_force {/clk_ennemis/increase} -radix hex {0 0ns}
run 45 ms
close_sim
launch_simulation
source clk_ennemis.tcl
close_sim
launch_simulation
source clk_ennemis.tcl
close_sim
launch_simulation
source clk_ennemis.tcl
close_sim
launch_simulation
source clk_ennemis.tcl
add_force {/clk_ennemis/clk} -radix hex {0 0ns} {1 5000ps} -repeat_every 10000ps
add_force {/clk_ennemis/reset} -radix hex {0 0ns}
add_force {/clk_ennemis/increase} -radix hex {0 0ns}
run 200 ns
add_force {/clk_ennemis/reset} -radix hex {1 0ns}
run 45 ms
add_force {/clk_ennemis/increase} -radix hex {1 0ns}
run 190 ns
add_force {/clk_ennemis/increase} -radix hex {0 0ns}
run 45 ms
close_sim
launch_simulation
source clk_ennemis.tcl
close_sim
launch_simulation
source clk_ennemis.tcl
close_sim
launch_simulation
source clk_ennemis.tcl
close_sim
launch_simulation
source clk_ennemis.tcl
close_sim
close_sim
